\BOOKMARK [1][-]{section.1}{\376\377\000I\000n\000t\000r\000o\000d\000u\000c\000t\000i\000o\000n}{}% 1
\BOOKMARK [2][-]{subsection.1.1}{\376\377\000B\000a\000c\000k\000g\000r\000o\000u\000n\000d}{section.1}% 2
\BOOKMARK [2][-]{subsection.1.2}{\376\377\000Q\000u\000e\000s\000t\000i\000o\000n\000\040\000R\000e\000s\000t\000a\000t\000e\000m\000e\000n\000t}{section.1}% 3
\BOOKMARK [3][-]{subsubsection.1.2.1}{\376\377\000Q\000u\000e\000s\000t\000i\000o\000n\000\040\0001}{subsection.1.2}% 4
\BOOKMARK [3][-]{subsubsection.1.2.2}{\376\377\000Q\000u\000e\000s\000t\000i\000o\000n\000\040\0002}{subsection.1.2}% 5
\BOOKMARK [3][-]{subsubsection.1.2.3}{\376\377\000Q\000u\000e\000s\000t\000i\000o\000n\000\040\0003}{subsection.1.2}% 6
\BOOKMARK [3][-]{subsubsection.1.2.4}{\376\377\000Q\000u\000e\000s\000t\000i\000o\000n\000\040\0004}{subsection.1.2}% 7
\BOOKMARK [3][-]{subsubsection.1.2.5}{\376\377\000Q\000u\000e\000s\000t\000i\000o\000n\000\040\0005}{subsection.1.2}% 8
\BOOKMARK [1][-]{section.2}{\376\377\000P\000r\000o\000b\000l\000e\000m\000\040\000A\000n\000a\000l\000y\000s\000i\000s}{}% 9
\BOOKMARK [2][-]{subsection.2.1}{\376\377\000A\000n\000a\000l\000y\000s\000i\000s\000\040\000o\000f\000\040\000Q\000u\000e\000s\000t\000i\000o\000n\000\040\0001}{section.2}% 10
\BOOKMARK [2][-]{subsection.2.2}{\376\377\000A\000n\000a\000l\000y\000s\000i\000s\000\040\000o\000f\000\040\000Q\000u\000e\000s\000t\000i\000o\000n\000\040\0002}{section.2}% 11
\BOOKMARK [2][-]{subsection.2.3}{\376\377\000A\000n\000a\000l\000y\000s\000i\000s\000\040\000o\000f\000\040\000Q\000u\000e\000s\000t\000i\000o\000n\000\040\0003}{section.2}% 12
\BOOKMARK [2][-]{subsection.2.4}{\376\377\000A\000n\000a\000l\000y\000s\000i\000s\000\040\000o\000f\000\040\000Q\000u\000e\000s\000t\000i\000o\000n\000\040\0004}{section.2}% 13
\BOOKMARK [2][-]{subsection.2.5}{\376\377\000A\000n\000a\000l\000y\000s\000i\000s\000\040\000o\000f\000\040\000Q\000u\000e\000s\000t\000i\000o\000n\000\040\0005}{section.2}% 14
\BOOKMARK [1][-]{section.3}{\376\377\000M\000o\000d\000e\000l\000\040\000A\000s\000s\000u\000m\000p\000t\000i\000o\000n\000s}{}% 15
\BOOKMARK [1][-]{section.4}{\376\377\000D\000e\000s\000c\000r\000i\000p\000t\000i\000o\000n\000\040\000o\000f\000\040\000t\000h\000e\000\040\000S\000y\000m\000b\000o\000l\000s}{}% 16
\BOOKMARK [1][-]{section.5}{\376\377\000P\000r\000o\000b\000l\000e\000m\000\040\0001\000:\000\040\000E\000s\000t\000a\000b\000l\000i\000s\000h\000m\000e\000n\000t\000\040\000a\000n\000d\000\040\000S\000o\000l\000u\000t\000i\000o\000n\000\040\000o\000f\000\040\000t\000h\000e\000\040\000M\000o\000d\000e\000l}{}% 17
\BOOKMARK [2][-]{subsection.5.1}{\376\377\000D\000a\000t\000a\000\040\000C\000o\000l\000l\000e\000c\000t\000i\000o\000n}{section.5}% 18
\BOOKMARK [3][-]{subsubsection.5.1.1}{\376\377\000D\000a\000t\000a\000\040\000A\000n\000a\000l\000y\000s\000i\000s}{subsection.5.1}% 19
\BOOKMARK [3][-]{subsubsection.5.1.2}{\376\377\000A\000n\000a\000l\000y\000s\000i\000s\000\040\000o\000f\000\040\000C\000o\000n\000t\000r\000o\000l\000l\000i\000n\000g\000\040\000F\000a\000c\000t\000o\000r\000s}{subsection.5.1}% 20
\BOOKMARK [2][-]{subsection.5.2}{\376\377\000M\000o\000d\000e\000l\000\040\000C\000o\000n\000s\000t\000r\000u\000c\000t\000i\000o\000n}{section.5}% 21
\BOOKMARK [3][-]{subsubsection.5.2.1}{\376\377\000P\000r\000i\000c\000e\000\040\000E\000l\000a\000s\000t\000i\000c\000i\000t\000y\000\040\000E\000s\000t\000i\000m\000a\000t\000i\000o\000n\000\040\000M\000o\000d\000e\000l}{subsection.5.2}% 22
\BOOKMARK [3][-]{subsubsection.5.2.2}{\376\377\000T\000a\000r\000i\000f\000f\000\040\000G\000r\000a\000d\000i\000e\000n\000t\000\040\000S\000i\000m\000u\000l\000a\000t\000i\000o\000n\000\040\000E\000n\000g\000i\000n\000e}{subsection.5.2}% 23
\BOOKMARK [2][-]{subsection.5.3}{\376\377\000C\000o\000r\000e\000\040\000S\000t\000e\000p\000s\000\040\000o\000f\000\040\000P\000a\000r\000a\000m\000e\000t\000e\000r\000\040\000C\000a\000l\000i\000b\000r\000a\000t\000i\000o\000n}{section.5}% 24
\BOOKMARK [2][-]{subsection.5.4}{\376\377\000R\000e\000s\000u\000l\000t\000\040\000A\000n\000a\000l\000y\000s\000i\000s}{section.5}% 25
\BOOKMARK [3][-]{subsubsection.5.4.1}{\376\377\000E\000x\000p\000o\000r\000t\000\040\000V\000o\000l\000u\000m\000e\000\040\000a\000n\000d\000\040\000V\000a\000l\000u\000e\000\040\000T\000r\000e\000n\000d\000s}{subsection.5.4}% 26
\BOOKMARK [3][-]{subsubsection.5.4.2}{\376\377\000I\000m\000p\000a\000c\000t\000s\000\040\000o\000n\000\040\000t\000h\000e\000\040\000S\000o\000y\000b\000e\000a\000n\000\040\000I\000n\000d\000u\000s\000t\000r\000y}{subsection.5.4}% 27
\BOOKMARK [3][-]{subsubsection.5.4.3}{\376\377\000V\000e\000r\000i\000f\000i\000c\000a\000t\000i\000o\000n\000\040\000o\000f\000\040\000R\000e\000s\000u\000l\000t\000\040\000R\000a\000t\000i\000o\000n\000a\000l\000i\000t\000y}{subsection.5.4}% 28
\BOOKMARK [1][-]{section.6}{\376\377\000P\000r\000o\000b\000l\000e\000m\000\040\0002\000:\000\040\000E\000s\000t\000a\000b\000l\000i\000s\000h\000m\000e\000n\000t\000\040\000a\000n\000d\000\040\000S\000o\000l\000u\000t\000i\000o\000n\000\040\000o\000f\000\040\000t\000h\000e\000\040\000M\000o\000d\000e\000l}{}% 29
\BOOKMARK [2][-]{subsection.6.1}{\376\377\000D\000a\000t\000a\000\040\000A\000n\000a\000l\000y\000s\000i\000s}{section.6}% 30
\BOOKMARK [2][-]{subsection.6.2}{\376\377\000M\000o\000d\000e\000l\000\040\000C\000o\000n\000s\000t\000r\000u\000c\000t\000i\000o\000n}{section.6}% 31
\BOOKMARK [2][-]{subsection.6.3}{\376\377\000M\000o\000d\000e\000l\000\040\000S\000o\000l\000v\000i\000n\000g}{section.6}% 32
\BOOKMARK [2][-]{subsection.6.4}{\376\377\000R\000e\000s\000u\000l\000t\000\040\000A\000n\000a\000l\000y\000s\000i\000s}{section.6}% 33
\BOOKMARK [1][-]{section.7}{\376\377\000P\000r\000o\000b\000l\000e\000m\000\040\0003\000:\000\040\000E\000s\000t\000a\000b\000l\000i\000s\000h\000m\000e\000n\000t\000\040\000a\000n\000d\000\040\000S\000o\000l\000u\000t\000i\000o\000n\000\040\000o\000f\000\040\000t\000h\000e\000\040\000M\000o\000d\000e\000l}{}% 34
\BOOKMARK [2][-]{subsection.7.1}{\376\377\000D\000a\000t\000a\000\040\000A\000n\000a\000l\000y\000s\000i\000s}{section.7}% 35
\BOOKMARK [2][-]{subsection.7.2}{\376\377\000M\000o\000d\000e\000l\000\040\000C\000o\000n\000s\000t\000r\000u\000c\000t\000i\000o\000n}{section.7}% 36
\BOOKMARK [2][-]{subsection.7.3}{\376\377\000M\000o\000d\000e\000l\000\040\000S\000o\000l\000v\000i\000n\000g}{section.7}% 37
\BOOKMARK [2][-]{subsection.7.4}{\376\377\000R\000e\000s\000u\000l\000t\000\040\000A\000n\000a\000l\000y\000s\000i\000s}{section.7}% 38
\BOOKMARK [1][-]{section.8}{\376\377\000P\000r\000o\000b\000l\000e\000m\000\040\0004\000:\000\040\000E\000s\000t\000a\000b\000l\000i\000s\000h\000m\000e\000n\000t\000\040\000a\000n\000d\000\040\000S\000o\000l\000u\000t\000i\000o\000n\000\040\000o\000f\000\040\000t\000h\000e\000\040\000M\000o\000d\000e\000l}{}% 39
\BOOKMARK [2][-]{subsection.8.1}{\376\377\000D\000a\000t\000a\000\040\000A\000n\000a\000l\000y\000s\000i\000s}{section.8}% 40
\BOOKMARK [2][-]{subsection.8.2}{\376\377\000M\000o\000d\000e\000l\000\040\000C\000o\000n\000s\000t\000r\000u\000c\000t\000i\000o\000n}{section.8}% 41
\BOOKMARK [2][-]{subsection.8.3}{\376\377\000M\000o\000d\000e\000l\000\040\000S\000o\000l\000v\000i\000n\000g}{section.8}% 42
\BOOKMARK [2][-]{subsection.8.4}{\376\377\000R\000e\000s\000u\000l\000t\000\040\000A\000n\000a\000l\000y\000s\000i\000s}{section.8}% 43
\BOOKMARK [1][-]{section.9}{\376\377\000P\000r\000o\000b\000l\000e\000m\000\040\0005\000:\000\040\000E\000s\000t\000a\000b\000l\000i\000s\000h\000m\000e\000n\000t\000\040\000a\000n\000d\000\040\000S\000o\000l\000u\000t\000i\000o\000n\000\040\000o\000f\000\040\000t\000h\000e\000\040\000M\000o\000d\000e\000l}{}% 44
\BOOKMARK [2][-]{subsection.9.1}{\376\377\000D\000a\000t\000a\000\040\000A\000n\000a\000l\000y\000s\000i\000s}{section.9}% 45
\BOOKMARK [2][-]{subsection.9.2}{\376\377\000M\000o\000d\000e\000l\000\040\000C\000o\000n\000s\000t\000r\000u\000c\000t\000i\000o\000n}{section.9}% 46
\BOOKMARK [2][-]{subsection.9.3}{\376\377\000M\000o\000d\000e\000l\000\040\000S\000o\000l\000v\000i\000n\000g}{section.9}% 47
\BOOKMARK [2][-]{subsection.9.4}{\376\377\000R\000e\000s\000u\000l\000t\000\040\000A\000n\000a\000l\000y\000s\000i\000s}{section.9}% 48
\BOOKMARK [1][-]{section.10}{\376\377\000M\000o\000d\000e\000l\000\040\000E\000v\000a\000l\000u\000a\000t\000i\000o\000n}{}% 49
\BOOKMARK [2][-]{subsection.10.1}{\376\377\000A\000d\000v\000a\000n\000t\000a\000g\000e\000s\000\040\000o\000f\000\040\000t\000h\000e\000\040\000M\000o\000d\000e\000l}{section.10}% 50
\BOOKMARK [2][-]{subsection.10.2}{\376\377\000D\000i\000s\000a\000d\000v\000a\000n\000t\000a\000g\000e\000s\000\040\000o\000f\000\040\000t\000h\000e\000\040\000M\000o\000d\000e\000l}{section.10}% 51
\BOOKMARK [1][-]{section.11}{\376\377\000R\000e\000f\000e\000r\000e\000n\000c\000e\000s}{}% 52
\BOOKMARK [2][-]{subsection.11.1}{\376\377\000A\000p\000p\000e\000n\000d\000i\000x\000\040\000A\000:\000\040\000S\000o\000u\000r\000c\000e\000\040\000C\000o\000d\000e}{section.11}% 53
\BOOKMARK [2][-]{subsection.11.2}{\376\377\000A\000p\000p\000e\000n\000d\000i\000x\000\040\000B\000:\000\040\000S\000u\000p\000p\000l\000e\000m\000e\000n\000t\000a\000r\000y\000\040\000D\000a\000t\000a}{section.11}% 54
\BOOKMARK [2][-]{subsection.11.3}{\376\377\000A\000p\000p\000e\000n\000d\000i\000x\000\040\000C\000:\000\040\000A\000d\000d\000i\000t\000i\000o\000n\000a\000l\000\040\000F\000i\000g\000u\000r\000e\000s\000/\000T\000a\000b\000l\000e\000s}{section.11}% 55
